python : 2026-03-12 
13:52:38.828742: I tensorflow
/core/util/port.cc:153] 
oneDNN custom operations are 
on. You may see slightly 
different numerical results 
due to floating-point 
round-off errors from 
different computation 
orders. To turn them off, 
set the environment variable 
`TF_ENABLE_ONEDNN_OPTS=0`.
At line:1 char:1
+ python main.py > 
error_log.txt 2>&1
+ ~~~~~~~~~~~~~~~~~~~~~~~~~~~
~~~~~~~~
    + CategoryInfo           
   : NotSpecified: (2026-03  
  -12 13:5...ONEDNN_OPTS=0   
 `.:String) [], RemoteExc    
eption
    + FullyQualifiedErrorId  
   : NativeCommandError
 
2026-03-12 13:52:50.758535: 
I tensorflow/core/util/port.c
c:153] oneDNN custom 
operations are on. You may 
see slightly different 
numerical results due to 
floating-point round-off 
errors from different 
computation orders. To turn 
them off, set the 
environment variable 
`TF_ENABLE_ONEDNN_OPTS=0`.
C:\Users\sathi\AppData\Local\
Programs\Python\Python313\Lib
\site-packages\keras\src\expo
rt\tf2onnx_lib.py:8: 
FutureWarning: In the future 
`np.object` will be defined 
as the corresponding NumPy 
scalar.
  if not hasattr(np, 
"object"):
C:\Projects\gym_ai\backend\ma
in.py:20: FutureWarning: 

All support for the 
`google.generativeai` 
package has ended. It will 
no longer be receiving 
updates or bug fixes. Please 
switch to the `google.genai` 
package as soon as possible.
See README for more details:

https://github.com/google-gem
ini/deprecated-generative-ai-
python/blob/main/README.md

  import google.generativeai 
as genai
INFO: Created TensorFlow 
Lite XNNPACK delegate for 
CPU.
W0000 
00:00:1773303779.296462   
15740 inference_feedback_mana
ger.cc:121] Feedback manager 
requires a model with a 
single signature inference. 
Disabling support for 
feedback tensors.
W0000 
00:00:1773303779.330899    
7488 inference_feedback_manag
er.cc:121] Feedback manager 
requires a model with a 
single signature inference. 
Disabling support for 
feedback tensors.
INFO:     Started server 
process [21712]
INFO:     Waiting for 
application startup.
INFO:     Application 
startup complete.
ERROR:    [Errno 10048] 
error while attempting to 
bind on address ('0.0.0.0', 
8000): [winerror 10048] only 
one usage of each socket 
address (protocol/network 
address/port) is normally 
permitted
INFO:     Waiting for 
application shutdown.
INFO:     Application 
shutdown complete.
DEPLOY DEBUG: sys.path is ['C:\\Projects\\gym_ai\\backend', 'C:\\Users\\sathi\\AppData\\Local\\Programs\\Python\\Python313\\python313.zip', 'C:\\Users\\sathi\\AppData\\Local\\Programs\\Python\\Python313\\DLLs', 'C:\\Users\\sathi\\AppData\\Local\\Programs\\Python\\Python313\\Lib', 'C:\\Users\\sathi\\AppData\\Local\\Programs\\Python\\Python313', 'C:\\Users\\sathi\\AppData\\Roaming\\Python\\Python313\\site-packages', 'C:\\Users\\sathi\\AppData\\Roaming\\Python\\Python313\\site-packages\\win32', 'C:\\Users\\sathi\\AppData\\Roaming\\Python\\Python313\\site-packages\\win32\\lib', 'C:\\Users\\sathi\\AppData\\Roaming\\Python\\Python313\\site-packages\\Pythonwin', 'C:\\Users\\sathi\\AppData\\Local\\Programs\\Python\\Python313\\Lib\\site-packages']
DEPLOY DEBUG: files in C:\Projects\gym_ai\backend: ['.env', '.env.template', 'engine', 'error_log.txt', 'main.py', 'pose_landmarker.task', 'requirements.txt', 'utils', 'verify_logic.py']
Loading Pose Landmarker model from: C:\Projects\gym_ai\backend\engine\..\pose_landmarker.task
Exception ignored in: 
<function 
PoseLandmarker.__del__ at 
0x0000029A0BA480E0>
Traceback (most recent call 
last):
  File "C:\Users\sathi\AppDat
a\Local\Programs\Python\Pytho
n313\Lib\site-packages\mediap
ipe\tasks\python\vision\pose_
landmarker.py", line 610, in 
__del__
  File "C:\Users\sathi\AppDat
a\Local\Programs\Python\Pytho
n313\Lib\site-packages\mediap
ipe\tasks\python\vision\pose_
landmarker.py", line 585, in 
close
  File "C:\Users\sathi\AppDat
a\Local\Programs\Python\Pytho
n313\Lib\site-packages\mediap
ipe\tasks\python\core\serial_
dispatcher.py", line 74, in 
shutdown_aware_handler
  File "C:\Users\sathi\AppDat
a\Local\Programs\Python\Pytho
n313\Lib\site-packages\mediap
ipe\tasks\python\core\mediapi
pe_c_utils.py", line 126, in 
dispatcher_wrapper
TypeError: 'NoneType' object 
is not callable
